Starting copy to parent portal... 
        1 file(s) copied.
        1 file(s) copied.
        1 file(s) copied.
Running git status... 
On branch main
Your branch is ahead of 'origin/main' by 1 commit.
  (use "git push" to publish your local commits)

Changes not staged for commit:
  (use "git add/rm <file>..." to update what will be committed)
  (use "git restore <file>..." to discard changes in working directory)
	deleted:    clean_repo.bat
	modified:   git_clean.log
	modified:   portal/app.js
	modified:   portal/index.html
	modified:   portal/style.css

Untracked files:
  (use "git add <file>..." to include in what will be committed)
	sync_and_commit.bat
	sync_and_commit.log

no changes added to commit (use "git add" and/or "git commit -a")
Staging files... 
